
> fyl_lp@0.1.0 build
> next build

  ▲ Next.js 14.2.0
  - Environments: .env.local

   Creating an optimized production build ...
<w> [webpack.cache.PackFileCacheStrategy] Skipped not serializable cache item 'Compilation/modules|/home/mono-chyvo/Escritorio/fyl_lp-main/node_modules/next/dist/build/webpack/loaders/css-loader/src/index.js??ruleSet[1].rules[13].oneOf[12].use[2]!/home/mono-chyvo/Escritorio/fyl_lp-main/node_modules/next/dist/build/webpack/loaders/postcss-loader/src/index.js??ruleSet[1].rules[13].oneOf[12].use[3]!/home/mono-chyvo/Escritorio/fyl_lp-main/src/app/globals.css': No serializer registered for PostCSSSyntaxError
<w> while serializing webpack/lib/cache/PackFileCacheStrategy.PackContentItems -> webpack/lib/NormalModule -> webpack/lib/ModuleBuildError -> PostCSSSyntaxError
Failed to compile.

./src/app/globals.css:1:1
Syntax error: /home/mono-chyvo/Escritorio/fyl_lp-main/src/app/globals.css The `font-playfair` class does not exist. If `font-playfair` is a custom class, make sure it is defined within a `@layer` directive.

> 1 | @tailwind base;
    | ^
  2 | @tailwind components;
  3 | @tailwind utilities;

./src/app/globals.css
Syntax error: /home/mono-chyvo/Escritorio/fyl_lp-main/src/app/globals.css The `font-playfair` class does not exist. If `font-playfair` is a custom class, make sure it is defined within a `@layer` directive. (1:1)

> 1 | @tailwind base;
    | ^
  2 | @tailwind components;
  3 | @tailwind utilities;

    at tryRunOrWebpackError (/home/mono-chyvo/Escritorio/fyl_lp-main/node_modules/next/dist/compiled/webpack/bundle5.js:28:312989)
    at __webpack_require_module__ (/home/mono-chyvo/Escritorio/fyl_lp-main/node_modules/next/dist/compiled/webpack/bundle5.js:28:131165)
    at __nested_webpack_require_153728__ (/home/mono-chyvo/Escritorio/fyl_lp-main/node_modules/next/dist/compiled/webpack/bundle5.js:28:130607)
    at /home/mono-chyvo/Escritorio/fyl_lp-main/node_modules/next/dist/compiled/webpack/bundle5.js:28:131454
    at symbolIterator (/home/mono-chyvo/Escritorio/fyl_lp-main/node_modules/next/dist/compiled/neo-async/async.js:1:14444)
    at done (/home/mono-chyvo/Escritorio/fyl_lp-main/node_modules/next/dist/compiled/neo-async/async.js:1:14824)
    at Hook.eval [as callAsync] (eval at create (/home/mono-chyvo/Escritorio/fyl_lp-main/node_modules/next/dist/compiled/webpack/bundle5.js:13:28858), <anonymous>:15:1)
    at Hook.CALL_ASYNC_DELEGATE [as _callAsync] (/home/mono-chyvo/Escritorio/fyl_lp-main/node_modules/next/dist/compiled/webpack/bundle5.js:13:26012)
    at /home/mono-chyvo/Escritorio/fyl_lp-main/node_modules/next/dist/compiled/webpack/bundle5.js:28:130328
    at symbolIterator (/home/mono-chyvo/Escritorio/fyl_lp-main/node_modules/next/dist/compiled/neo-async/async.js:1:14402)
-- inner error --
Syntax error: /home/mono-chyvo/Escritorio/fyl_lp-main/src/app/globals.css The `font-playfair` class does not exist. If `font-playfair` is a custom class, make sure it is defined within a `@layer` directive. (1:1)

> 1 | @tailwind base;
    | ^
  2 | @tailwind components;
  3 | @tailwind utilities;

    at Object.<anonymous> (/home/mono-chyvo/Escritorio/fyl_lp-main/node_modules/next/dist/build/webpack/loaders/css-loader/src/index.js??ruleSet[1].rules[13].oneOf[12].use[2]!/home/mono-chyvo/Escritorio/fyl_lp-main/node_modules/next/dist/build/webpack/loaders/postcss-loader/src/index.js??ruleSet[1].rules[13].oneOf[12].use[3]!/home/mono-chyvo/Escritorio/fyl_lp-main/src/app/globals.css:1:7)
    at /home/mono-chyvo/Escritorio/fyl_lp-main/node_modules/next/dist/compiled/webpack/bundle5.js:28:922493
    at Hook.eval [as call] (eval at create (/home/mono-chyvo/Escritorio/fyl_lp-main/node_modules/next/dist/compiled/webpack/bundle5.js:13:28636), <anonymous>:7:1)
    at Hook.CALL_DELEGATE [as _call] (/home/mono-chyvo/Escritorio/fyl_lp-main/node_modules/next/dist/compiled/webpack/bundle5.js:13:25906)
    at /home/mono-chyvo/Escritorio/fyl_lp-main/node_modules/next/dist/compiled/webpack/bundle5.js:28:131198
    at tryRunOrWebpackError (/home/mono-chyvo/Escritorio/fyl_lp-main/node_modules/next/dist/compiled/webpack/bundle5.js:28:312943)
    at __webpack_require_module__ (/home/mono-chyvo/Escritorio/fyl_lp-main/node_modules/next/dist/compiled/webpack/bundle5.js:28:131165)
    at __nested_webpack_require_153728__ (/home/mono-chyvo/Escritorio/fyl_lp-main/node_modules/next/dist/compiled/webpack/bundle5.js:28:130607)
    at /home/mono-chyvo/Escritorio/fyl_lp-main/node_modules/next/dist/compiled/webpack/bundle5.js:28:131454
    at symbolIterator (/home/mono-chyvo/Escritorio/fyl_lp-main/node_modules/next/dist/compiled/neo-async/async.js:1:14444)

Generated code for /home/mono-chyvo/Escritorio/fyl_lp-main/node_modules/next/dist/build/webpack/loaders/css-loader/src/index.js??ruleSet[1].rules[13].oneOf[12].use[2]!/home/mono-chyvo/Escritorio/fyl_lp-main/node_modules/next/dist/build/webpack/loaders/postcss-loader/src/index.js??ruleSet[1].rules[13].oneOf[12].use[3]!/home/mono-chyvo/Escritorio/fyl_lp-main/src/app/globals.css

Import trace for requested module:
./src/app/globals.css


> Build failed because of webpack errors
